// Vitest Snapshot v1, https://vitest.dev/guide/snapshot.html

exports[`should not change globally unique audit ids 1`] = `
[
  {
    "id": "22EB",
    "name": "SHOULD accept application/graphql-response+json and match the content-type",
  },
  {
    "id": "4655",
    "name": "MUST accept application/json and match the content-type",
  },
  {
    "id": "47DE",
    "name": "SHOULD accept */* and use application/json for the content-type",
  },
  {
    "id": "80D8",
    "name": "SHOULD assume application/json content-type when accept is missing",
  },
  {
    "id": "82A3",
    "name": "MUST use utf-8 encoding when responding",
  },
  {
    "id": "BF61",
    "name": "MUST accept utf-8 encoded request",
  },
  {
    "id": "78D5",
    "name": "MUST assume utf-8 in request if encoding is unspecified",
  },
  {
    "id": "2C94",
    "name": "MUST accept POST requests",
  },
  {
    "id": "5A70",
    "name": "MAY accept application/x-www-form-urlencoded formatted GET requests",
  },
  {
    "id": "9C48",
    "name": "MAY NOT allow executing mutations on GET requests",
  },
  {
    "id": "9ABE",
    "name": "SHOULD respond with 4xx status code if content-type is not supplied on POST requests",
  },
  {
    "id": "03D4",
    "name": "MUST accept application/json POST requests",
  },
  {
    "id": "A5BF",
    "name": "MAY use 400 status code when request body is missing on POST",
  },
  {
    "id": "423L",
    "name": "MAY use 400 status code on missing {query} parameter",
  },
  {
    "id": "LKJ0",
    "name": "MAY use 400 status code on object {query} parameter",
  },
  {
    "id": "LKJ1",
    "name": "MAY use 400 status code on number {query} parameter",
  },
  {
    "id": "LKJ2",
    "name": "MAY use 400 status code on boolean {query} parameter",
  },
  {
    "id": "LKJ3",
    "name": "MAY use 400 status code on array {query} parameter",
  },
  {
    "id": "34A2",
    "name": "SHOULD allow string {query} parameter when accepting application/graphql-response+json",
  },
  {
    "id": "13EE",
    "name": "MUST allow string {query} parameter when accepting application/json",
  },
  {
    "id": "6C00",
    "name": "MAY use 400 status code on object {operationName} parameter",
  },
  {
    "id": "6C01",
    "name": "MAY use 400 status code on number {operationName} parameter",
  },
  {
    "id": "6C02",
    "name": "MAY use 400 status code on boolean {operationName} parameter",
  },
  {
    "id": "6C03",
    "name": "MAY use 400 status code on array {operationName} parameter",
  },
  {
    "id": "8161",
    "name": "SHOULD allow string {operationName} parameter when accepting application/graphql-response+json",
  },
  {
    "id": "B8B3",
    "name": "MUST allow string {operationName} parameter when accepting application/json",
  },
  {
    "id": "94B0",
    "name": "SHOULD allow null {variables} parameter when accepting application/graphql-response+json",
  },
  {
    "id": "0220",
    "name": "MUST allow null {variables} parameter when accepting application/json",
  },
  {
    "id": "94B1",
    "name": "SHOULD allow null {operationName} parameter when accepting application/graphql-response+json",
  },
  {
    "id": "0221",
    "name": "MUST allow null {operationName} parameter when accepting application/json",
  },
  {
    "id": "94B2",
    "name": "SHOULD allow null {extensions} parameter when accepting application/graphql-response+json",
  },
  {
    "id": "0222",
    "name": "MUST allow null {extensions} parameter when accepting application/json",
  },
  {
    "id": "4760",
    "name": "MAY use 400 status code on string {variables} parameter",
  },
  {
    "id": "4761",
    "name": "MAY use 400 status code on number {variables} parameter",
  },
  {
    "id": "4762",
    "name": "MAY use 400 status code on boolean {variables} parameter",
  },
  {
    "id": "4763",
    "name": "MAY use 400 status code on array {variables} parameter",
  },
  {
    "id": "2EA1",
    "name": "SHOULD allow map {variables} parameter when accepting application/graphql-response+json",
  },
  {
    "id": "28B9",
    "name": "MUST allow map {variables} parameter when accepting application/json",
  },
  {
    "id": "D6D5",
    "name": "MAY allow URL-encoded JSON string {variables} parameter in GETs when accepting application/graphql-response+json",
  },
  {
    "id": "6A70",
    "name": "MAY allow URL-encoded JSON string {variables} parameter in GETs when accepting application/json",
  },
  {
    "id": "58B0",
    "name": "MAY use 400 status code on string {extensions} parameter",
  },
  {
    "id": "58B1",
    "name": "MAY use 400 status code on number {extensions} parameter",
  },
  {
    "id": "58B2",
    "name": "MAY use 400 status code on boolean {extensions} parameter",
  },
  {
    "id": "58B3",
    "name": "MAY use 400 status code on array {extensions} parameter",
  },
  {
    "id": "428F",
    "name": "SHOULD allow map {extensions} parameter when accepting application/graphql-response+json",
  },
  {
    "id": "1B7A",
    "name": "MUST allow map {extensions} parameter when accepting application/json",
  },
  {
    "id": "B6DC",
    "name": "MAY use 4xx or 5xx status codes on JSON parsing failure",
  },
  {
    "id": "BCF8",
    "name": "MAY use 400 status code on JSON parsing failure",
  },
  {
    "id": "8764",
    "name": "MAY use 4xx or 5xx status codes if parameters are invalid",
  },
  {
    "id": "3E3A",
    "name": "MAY use 400 status code if parameters are invalid",
  },
  {
    "id": "572B",
    "name": "SHOULD use 200 status code on document parsing failure when accepting application/json",
  },
  {
    "id": "FDE2",
    "name": "SHOULD use 200 status code on document validation failure when accepting application/json",
  },
  {
    "id": "7B9B",
    "name": "SHOULD use a status code of 200 on variable coercion failure when accepting application/json",
  },
  {
    "id": "865D",
    "name": "SHOULD use 4xx or 5xx status codes on document parsing failure when accepting application/graphql-response+json",
  },
  {
    "id": "556A",
    "name": "SHOULD use 400 status code on document parsing failure when accepting application/graphql-response+json",
  },
  {
    "id": "D586",
    "name": "SHOULD not contain the data entry on document parsing failure when accepting application/graphql-response+json",
  },
  {
    "id": "51FE",
    "name": "SHOULD use 4xx or 5xx status codes on document validation failure when accepting application/graphql-response+json",
  },
  {
    "id": "74FF",
    "name": "SHOULD use 400 status code on document validation failure when accepting application/graphql-response+json",
  },
  {
    "id": "5E5B",
    "name": "SHOULD not contain the data entry on document validation failure when accepting application/graphql-response+json",
  },
  {
    "id": "86EE",
    "name": "SHOULD use a status code of 400 on variable coercion failure when accepting application/graphql-response+json",
  },
]
`;
